// Jest Snapshot v1, https://goo.gl/fbAQLP

exports[`Products page snapshot component Matches Snapshot 1`] = `
<div
  className="sc-aYaIB ewgwFf"
>
  <div
    className="MuiBox-root css-0"
  >
    <span>
      Loading...
    </span>
  </div>
</div>
`;
