// Jest Snapshot v1, https://goo.gl/fbAQLP

exports[`Product modal component Matches Snapshot 1`] = `
<DocumentFragment>
  <div />
</DocumentFragment>
`;
