// Jest Snapshot v1, https://goo.gl/fbAQLP

exports[`Header snapshot component Matches Snapshot 1`] = `
<header
  className="sc-aYaIB igTKbP"
>
  <h1>
    Axels Test Task
  </h1>
  <span>
    Oleh Ternovyi
  </span>
</header>
`;
