// Jest Snapshot v1, https://goo.gl/fbAQLP

exports[`App component should match a snapshot 1`] = `
{
  "asFragment": [Function],
  "baseElement": <body>
    <div>
      <div
        class="sc-jlZhRR dwJfrq"
      >
        <header
          class="sc-eqUzNf llCMqC"
        >
          <h1>
            Axels Test Task
          </h1>
          <span>
            Oleh Ternovyi
          </span>
        </header>
        <div
          class="sc-aYaIB ewgwFf"
        >
          <div
            class="MuiBox-root css-0"
          >
            <span>
              Loading...
            </span>
          </div>
        </div>
        <footer
          class="sc-fqkwJk eedRsB"
        >
          <span>
            Oleh Ternovyi 2024
          </span>
        </footer>
      </div>
    </div>
  </body>,
  "container": <div>
    <div
      class="sc-jlZhRR dwJfrq"
    >
      <header
        class="sc-eqUzNf llCMqC"
      >
        <h1>
          Axels Test Task
        </h1>
        <span>
          Oleh Ternovyi
        </span>
      </header>
      <div
        class="sc-aYaIB ewgwFf"
      >
        <div
          class="MuiBox-root css-0"
        >
          <span>
            Loading...
          </span>
        </div>
      </div>
      <footer
        class="sc-fqkwJk eedRsB"
      >
        <span>
          Oleh Ternovyi 2024
        </span>
      </footer>
    </div>
  </div>,
  "debug": [Function],
  "findAllByAltText": [Function],
  "findAllByDisplayValue": [Function],
  "findAllByLabelText": [Function],
  "findAllByPlaceholderText": [Function],
  "findAllByRole": [Function],
  "findAllByTestId": [Function],
  "findAllByText": [Function],
  "findAllByTitle": [Function],
  "findByAltText": [Function],
  "findByDisplayValue": [Function],
  "findByLabelText": [Function],
  "findByPlaceholderText": [Function],
  "findByRole": [Function],
  "findByTestId": [Function],
  "findByText": [Function],
  "findByTitle": [Function],
  "getAllByAltText": [Function],
  "getAllByDisplayValue": [Function],
  "getAllByLabelText": [Function],
  "getAllByPlaceholderText": [Function],
  "getAllByRole": [Function],
  "getAllByTestId": [Function],
  "getAllByText": [Function],
  "getAllByTitle": [Function],
  "getByAltText": [Function],
  "getByDisplayValue": [Function],
  "getByLabelText": [Function],
  "getByPlaceholderText": [Function],
  "getByRole": [Function],
  "getByTestId": [Function],
  "getByText": [Function],
  "getByTitle": [Function],
  "queryAllByAltText": [Function],
  "queryAllByDisplayValue": [Function],
  "queryAllByLabelText": [Function],
  "queryAllByPlaceholderText": [Function],
  "queryAllByRole": [Function],
  "queryAllByTestId": [Function],
  "queryAllByText": [Function],
  "queryAllByTitle": [Function],
  "queryByAltText": [Function],
  "queryByDisplayValue": [Function],
  "queryByLabelText": [Function],
  "queryByPlaceholderText": [Function],
  "queryByRole": [Function],
  "queryByTestId": [Function],
  "queryByText": [Function],
  "queryByTitle": [Function],
  "rerender": [Function],
  "store": {
    "@@observable": [Function],
    "dispatch": [Function],
    "getState": [Function],
    "replaceReducer": [Function],
    "subscribe": [Function],
  },
  "unmount": [Function],
}
`;
