// Jest Snapshot v1, https://goo.gl/fbAQLP

exports[`ProductModal component should match a snapshot 1`] = `
{
  "asFragment": [Function],
  "baseElement": <body
    style="padding-right: 1024px; overflow: hidden;"
  >
    <div
      aria-hidden="true"
    >
      <div />
    </div>
    <div
      class="MuiModal-root css-79ws1d-MuiModal-root"
      role="presentation"
    >
      <div
        aria-hidden="true"
        class="MuiBackdrop-root MuiModal-backdrop css-i9fmh8-MuiBackdrop-root-MuiModal-backdrop"
        style="opacity: 1; webkit-transition: opacity 225ms cubic-bezier(0.4, 0, 0.2, 1) 0ms; transition: opacity 225ms cubic-bezier(0.4, 0, 0.2, 1) 0ms;"
      />
      <div
        data-testid="sentinelStart"
        tabindex="0"
      />
      <div
        class="sc-fqkwJk fzkeNt MuiBox-root css-0"
        tabindex="-1"
      >
        <div
          class="sc-dhKdPU cxeCsN"
        />
        <div
          class="sc-dcJtft eopgop"
        >
          <img
            alt="product"
            class="sc-jXbVAB kXBtTA"
            height="220"
          />
          <h2
            class="MuiTypography-root MuiTypography-h5 css-ag7rrr-MuiTypography-root"
          />
          <p
            class="MuiTypography-root MuiTypography-body2 css-e784if-MuiTypography-root"
          />
        </div>
        <hr
          class="MuiDivider-root MuiDivider-fullWidth css-9mgopn-MuiDivider-root"
        />
        <form
          class="sc-eqUzNf enHHNJ"
        >
          <div
            class="MuiFormControl-root MuiTextField-root css-1u3bzj6-MuiFormControl-root-MuiTextField-root"
          >
            <label
              class="MuiFormLabel-root MuiInputLabel-root MuiInputLabel-formControl MuiInputLabel-animated MuiInputLabel-sizeMedium MuiInputLabel-outlined MuiFormLabel-colorPrimary MuiInputLabel-root MuiInputLabel-formControl MuiInputLabel-animated MuiInputLabel-sizeMedium MuiInputLabel-outlined css-14s5rfu-MuiFormLabel-root-MuiInputLabel-root"
              data-shrink="false"
              for=":rp:"
              id=":rp:-label"
            >
              comment
            </label>
            <div
              class="MuiInputBase-root MuiOutlinedInput-root MuiInputBase-colorPrimary MuiInputBase-formControl css-9ddj71-MuiInputBase-root-MuiOutlinedInput-root"
            >
              <input
                aria-invalid="false"
                class="MuiInputBase-input MuiOutlinedInput-input css-1t8l2tu-MuiInputBase-input-MuiOutlinedInput-input"
                id=":rp:"
                name="comment"
                type="text"
                value=""
              />
              <fieldset
                aria-hidden="true"
                class="MuiOutlinedInput-notchedOutline css-1d3z3hw-MuiOutlinedInput-notchedOutline"
              >
                <legend
                  class="css-yjsfm1"
                >
                  <span>
                    comment
                  </span>
                </legend>
              </fieldset>
            </div>
          </div>
          <span
            class="MuiRating-root MuiRating-sizeMedium css-1qqgbpl-MuiRating-root"
          >
            <label
              class="css-dqr9h-MuiRating-label"
              for=":rr:"
            >
              <span
                class="MuiRating-icon MuiRating-iconEmpty css-1c99szj-MuiRating-icon"
              >
                <svg
                  aria-hidden="true"
                  class="MuiSvgIcon-root MuiSvgIcon-fontSizeInherit css-1vooibu-MuiSvgIcon-root"
                  data-testid="StarBorderIcon"
                  focusable="false"
                  viewBox="0 0 24 24"
                >
                  <path
                    d="M22 9.24l-7.19-.62L12 2 9.19 8.63 2 9.24l5.46 4.73L5.82 21 12 17.27 18.18 21l-1.63-7.03L22 9.24zM12 15.4l-3.76 2.27 1-4.28-3.32-2.88 4.38-.38L12 6.1l1.71 4.04 4.38.38-3.32 2.88 1 4.28L12 15.4z"
                  />
                </svg>
              </span>
              <span
                class="MuiRating-visuallyHidden"
              >
                1 Star
              </span>
            </label>
            <input
              class="MuiRating-visuallyHidden"
              id=":rr:"
              name="rating"
              type="radio"
              value="1"
            />
            <label
              class="css-dqr9h-MuiRating-label"
              for=":rs:"
            >
              <span
                class="MuiRating-icon MuiRating-iconEmpty css-1c99szj-MuiRating-icon"
              >
                <svg
                  aria-hidden="true"
                  class="MuiSvgIcon-root MuiSvgIcon-fontSizeInherit css-1vooibu-MuiSvgIcon-root"
                  data-testid="StarBorderIcon"
                  focusable="false"
                  viewBox="0 0 24 24"
                >
                  <path
                    d="M22 9.24l-7.19-.62L12 2 9.19 8.63 2 9.24l5.46 4.73L5.82 21 12 17.27 18.18 21l-1.63-7.03L22 9.24zM12 15.4l-3.76 2.27 1-4.28-3.32-2.88 4.38-.38L12 6.1l1.71 4.04 4.38.38-3.32 2.88 1 4.28L12 15.4z"
                  />
                </svg>
              </span>
              <span
                class="MuiRating-visuallyHidden"
              >
                2 Stars
              </span>
            </label>
            <input
              class="MuiRating-visuallyHidden"
              id=":rs:"
              name="rating"
              type="radio"
              value="2"
            />
            <label
              class="css-dqr9h-MuiRating-label"
              for=":rt:"
            >
              <span
                class="MuiRating-icon MuiRating-iconEmpty css-1c99szj-MuiRating-icon"
              >
                <svg
                  aria-hidden="true"
                  class="MuiSvgIcon-root MuiSvgIcon-fontSizeInherit css-1vooibu-MuiSvgIcon-root"
                  data-testid="StarBorderIcon"
                  focusable="false"
                  viewBox="0 0 24 24"
                >
                  <path
                    d="M22 9.24l-7.19-.62L12 2 9.19 8.63 2 9.24l5.46 4.73L5.82 21 12 17.27 18.18 21l-1.63-7.03L22 9.24zM12 15.4l-3.76 2.27 1-4.28-3.32-2.88 4.38-.38L12 6.1l1.71 4.04 4.38.38-3.32 2.88 1 4.28L12 15.4z"
                  />
                </svg>
              </span>
              <span
                class="MuiRating-visuallyHidden"
              >
                3 Stars
              </span>
            </label>
            <input
              class="MuiRating-visuallyHidden"
              id=":rt:"
              name="rating"
              type="radio"
              value="3"
            />
            <label
              class="css-dqr9h-MuiRating-label"
              for=":ru:"
            >
              <span
                class="MuiRating-icon MuiRating-iconEmpty css-1c99szj-MuiRating-icon"
              >
                <svg
                  aria-hidden="true"
                  class="MuiSvgIcon-root MuiSvgIcon-fontSizeInherit css-1vooibu-MuiSvgIcon-root"
                  data-testid="StarBorderIcon"
                  focusable="false"
                  viewBox="0 0 24 24"
                >
                  <path
                    d="M22 9.24l-7.19-.62L12 2 9.19 8.63 2 9.24l5.46 4.73L5.82 21 12 17.27 18.18 21l-1.63-7.03L22 9.24zM12 15.4l-3.76 2.27 1-4.28-3.32-2.88 4.38-.38L12 6.1l1.71 4.04 4.38.38-3.32 2.88 1 4.28L12 15.4z"
                  />
                </svg>
              </span>
              <span
                class="MuiRating-visuallyHidden"
              >
                4 Stars
              </span>
            </label>
            <input
              class="MuiRating-visuallyHidden"
              id=":ru:"
              name="rating"
              type="radio"
              value="4"
            />
            <label
              class="css-dqr9h-MuiRating-label"
              for=":rv:"
            >
              <span
                class="MuiRating-icon MuiRating-iconEmpty css-1c99szj-MuiRating-icon"
              >
                <svg
                  aria-hidden="true"
                  class="MuiSvgIcon-root MuiSvgIcon-fontSizeInherit css-1vooibu-MuiSvgIcon-root"
                  data-testid="StarBorderIcon"
                  focusable="false"
                  viewBox="0 0 24 24"
                >
                  <path
                    d="M22 9.24l-7.19-.62L12 2 9.19 8.63 2 9.24l5.46 4.73L5.82 21 12 17.27 18.18 21l-1.63-7.03L22 9.24zM12 15.4l-3.76 2.27 1-4.28-3.32-2.88 4.38-.38L12 6.1l1.71 4.04 4.38.38-3.32 2.88 1 4.28L12 15.4z"
                  />
                </svg>
              </span>
              <span
                class="MuiRating-visuallyHidden"
              >
                5 Stars
              </span>
            </label>
            <input
              class="MuiRating-visuallyHidden"
              id=":rv:"
              name="rating"
              type="radio"
              value="5"
            />
            <label
              class="MuiRating-label MuiRating-pristine css-dqr9h-MuiRating-label"
            >
              <input
                class="MuiRating-visuallyHidden"
                id="rating-empty"
                name="rating"
                type="radio"
                value=""
              />
              <span
                class="MuiRating-visuallyHidden"
              >
                Empty
              </span>
            </label>
          </span>
          <span />
          <button
            class="MuiButtonBase-root MuiButton-root MuiButton-outlined MuiButton-outlinedPrimary MuiButton-sizeMedium MuiButton-outlinedSizeMedium MuiButton-colorPrimary MuiButton-fullWidth MuiButton-root MuiButton-outlined MuiButton-outlinedPrimary MuiButton-sizeMedium MuiButton-outlinedSizeMedium MuiButton-colorPrimary MuiButton-fullWidth css-xsqe0f-MuiButtonBase-root-MuiButton-root"
            tabindex="0"
            type="submit"
          >
            Submit
            <span
              class="MuiTouchRipple-root css-8je8zh-MuiTouchRipple-root"
            />
          </button>
        </form>
        <hr
          class="MuiDivider-root MuiDivider-fullWidth css-9mgopn-MuiDivider-root"
        />
        <div
          class="sc-gsFSjX ifJWNt"
        />
      </div>
      <div
        data-testid="sentinelEnd"
        tabindex="0"
      />
    </div>
  </body>,
  "container": <div
    aria-hidden="true"
  >
    <div />
  </div>,
  "debug": [Function],
  "findAllByAltText": [Function],
  "findAllByDisplayValue": [Function],
  "findAllByLabelText": [Function],
  "findAllByPlaceholderText": [Function],
  "findAllByRole": [Function],
  "findAllByTestId": [Function],
  "findAllByText": [Function],
  "findAllByTitle": [Function],
  "findByAltText": [Function],
  "findByDisplayValue": [Function],
  "findByLabelText": [Function],
  "findByPlaceholderText": [Function],
  "findByRole": [Function],
  "findByTestId": [Function],
  "findByText": [Function],
  "findByTitle": [Function],
  "getAllByAltText": [Function],
  "getAllByDisplayValue": [Function],
  "getAllByLabelText": [Function],
  "getAllByPlaceholderText": [Function],
  "getAllByRole": [Function],
  "getAllByTestId": [Function],
  "getAllByText": [Function],
  "getAllByTitle": [Function],
  "getByAltText": [Function],
  "getByDisplayValue": [Function],
  "getByLabelText": [Function],
  "getByPlaceholderText": [Function],
  "getByRole": [Function],
  "getByTestId": [Function],
  "getByText": [Function],
  "getByTitle": [Function],
  "queryAllByAltText": [Function],
  "queryAllByDisplayValue": [Function],
  "queryAllByLabelText": [Function],
  "queryAllByPlaceholderText": [Function],
  "queryAllByRole": [Function],
  "queryAllByTestId": [Function],
  "queryAllByText": [Function],
  "queryAllByTitle": [Function],
  "queryByAltText": [Function],
  "queryByDisplayValue": [Function],
  "queryByLabelText": [Function],
  "queryByPlaceholderText": [Function],
  "queryByRole": [Function],
  "queryByTestId": [Function],
  "queryByText": [Function],
  "queryByTitle": [Function],
  "rerender": [Function],
  "store": {
    "@@observable": [Function],
    "dispatch": [Function],
    "getState": [Function],
    "replaceReducer": [Function],
    "subscribe": [Function],
  },
  "unmount": [Function],
}
`;
