// Jest Snapshot v1, https://goo.gl/fbAQLP

exports[`NotFound page snapshot component Matches Snapshot 1`] = `
<div>
  This page does not exist
</div>
`;
